// Jest Snapshot v1, https://goo.gl/fbAQLP

exports[`create a Video icon 1`] = `
<div
  style={
    Object {
      "display": "inline-block",
    }
  }
>
  <span
    data-active={false}
    onClick={[Function]}
    onMouseDown={[Function]}
  >
    <svg
      className={undefined}
      height="18px"
      onChange={undefined}
      viewBox="0 0 18 18"
      width="18px"
    >
      <rect
        className="ql-stroke"
        height="12"
        width="12"
        x="3"
        y="3"
      />
      <rect
        className="ql-fill"
        height="12"
        width="1"
        x="5"
        y="3"
      />
      <rect
        className="ql-fill"
        height="12"
        width="1"
        x="12"
        y="3"
      />
      <rect
        className="ql-fill"
        height="2"
        width="8"
        x="5"
        y="8"
      />
      <rect
        className="ql-fill"
        height="1"
        width="3"
        x="3"
        y="5"
      />
      <rect
        className="ql-fill"
        height="1"
        width="3"
        x="3"
        y="7"
      />
      <rect
        className="ql-fill"
        height="1"
        width="3"
        x="3"
        y="10"
      />
      <rect
        className="ql-fill"
        height="1"
        width="3"
        x="3"
        y="12"
      />
      <rect
        className="ql-fill"
        height="1"
        width="3"
        x="12"
        y="5"
      />
      <rect
        className="ql-fill"
        height="1"
        width="3"
        x="12"
        y="7"
      />
      <rect
        className="ql-fill"
        height="1"
        width="3"
        x="12"
        y="10"
      />
      <rect
        className="ql-fill"
        height="1"
        width="3"
        x="12"
        y="12"
      />
    </svg>
  </span>
</div>
`;
