// Jest Snapshot v1, https://goo.gl/fbAQLP

exports[`create a Italic icon 1`] = `
<span
  data-active={false}
  onClick={[Function]}
  onMouseDown={[Function]}
>
  <svg
    className={undefined}
    height="18px"
    onChange={undefined}
    viewBox="0 0 18 18"
    width="18px"
  >
    <line
      className="ql-stroke"
      x1="7"
      x2="13"
      y1="4"
      y2="4"
    />
    <line
      className="ql-stroke"
      x1="5"
      x2="11"
      y1="14"
      y2="14"
    />
    <line
      className="ql-stroke"
      x1="8"
      x2="10"
      y1="14"
      y2="4"
    />
  </svg>
</span>
`;
