// Jest Snapshot v1, https://goo.gl/fbAQLP

exports[`create a Header1 icon 1`] = `
<span
  data-active={false}
  onClick={[Function]}
  onMouseDown={[Function]}
>
  <svg
    className={undefined}
    height="18px"
    onChange={undefined}
    viewBox="0 0 18 18"
    width="18px"
  >
    <path
      className="ql-fill"
      d="M10,4V14a1,1,0,0,1-2,0V10H3v4a1,1,0,0,1-2,0V4A1,1,0,0,1,3,4V8H8V4a1,1,0,0,1,2,0Zm6.06787,9.209H14.98975V7.59863a.54085.54085,0,0,0-.605-.60547h-.62744a1.01119,1.01119,0,0,0-.748.29688L11.645,8.56641a.5435.5435,0,0,0-.022.8584l.28613.30762a.53861.53861,0,0,0,.84717.0332l.09912-.08789a1.2137,1.2137,0,0,0,.2417-.35254h.02246s-.01123.30859-.01123.60547V13.209H12.041a.54085.54085,0,0,0-.605.60547v.43945a.54085.54085,0,0,0,.605.60547h4.02686a.54085.54085,0,0,0,.605-.60547v-.43945A.54085.54085,0,0,0,16.06787,13.209Z"
    />
  </svg>
</span>
`;

exports[`create a Header2 icon 1`] = `
<span
  data-active={false}
  onClick={[Function]}
  onMouseDown={[Function]}
>
  <svg
    className={undefined}
    height="18px"
    onChange={undefined}
    viewBox="0 0 18 18"
    width="18px"
  >
    <path
      className="ql-fill"
      d="M16.73975,13.81445v.43945a.54085.54085,0,0,1-.605.60547H11.855a.58392.58392,0,0,1-.64893-.60547V14.0127c0-2.90527,3.39941-3.42187,3.39941-4.55469a.77675.77675,0,0,0-.84717-.78125,1.17684,1.17684,0,0,0-.83594.38477c-.2749.26367-.561.374-.85791.13184l-.4292-.34082c-.30811-.24219-.38525-.51758-.1543-.81445a2.97155,2.97155,0,0,1,2.45361-1.17676,2.45393,2.45393,0,0,1,2.68408,2.40918c0,2.45312-3.1792,2.92676-3.27832,3.93848h2.79443A.54085.54085,0,0,1,16.73975,13.81445ZM9,3A.99974.99974,0,0,0,8,4V8H3V4A1,1,0,0,0,1,4V14a1,1,0,0,0,2,0V10H8v4a1,1,0,0,0,2,0V4A.99974.99974,0,0,0,9,3Z"
    />
  </svg>
</span>
`;
