// Jest Snapshot v1, https://goo.gl/fbAQLP

exports[`create a Clean icon 1`] = `
<span
  data-active={false}
  onClick={[Function]}
  onMouseDown={[Function]}
>
  <svg
    className={undefined}
    height="18px"
    onChange={undefined}
    viewBox="0 0 18 18"
    width="18px"
  >
    <line
      className="ql-stroke"
      x1="5"
      x2="13"
      y1="3"
      y2="3"
    />
    <line
      className="ql-stroke"
      x1="6"
      x2="9.35"
      y1="12"
      y2="3"
    />
    <line
      className="ql-stroke"
      x1="11"
      x2="15"
      y1="11"
      y2="15"
    />
    <line
      className="ql-stroke"
      x1="15"
      x2="11"
      y1="11"
      y2="15"
    />
    <rect
      className="ql-fill"
      height="1"
      rx="0.5"
      ry="0.5"
      width="7"
      x="2"
      y="14"
    />
  </svg>
</span>
`;
