// Jest Snapshot v1, https://goo.gl/fbAQLP

exports[`create a Bold icon 1`] = `
<span
  data-active={false}
  onClick={[Function]}
  onMouseDown={[Function]}
>
  <svg
    className={undefined}
    height="18px"
    onChange={undefined}
    viewBox="0 0 18 18"
    width="18px"
  >
    <path
      className="ql-stroke"
      d="M5,4H9.5A2.5,2.5,0,0,1,12,6.5v0A2.5,2.5,0,0,1,9.5,9H5A0,0,0,0,1,5,9V4A0,0,0,0,1,5,4Z"
    />
    <path
      className="ql-stroke"
      d="M5,9h5.5A2.5,2.5,0,0,1,13,11.5v0A2.5,2.5,0,0,1,10.5,14H5a0,0,0,0,1,0,0V9A0,0,0,0,1,5,9Z"
    />
  </svg>
</span>
`;
