// Jest Snapshot v1, https://goo.gl/fbAQLP

exports[`create a Code icon 1`] = `
<span
  data-active={false}
  onClick={[Function]}
  onMouseDown={[Function]}
>
  <svg
    className={undefined}
    height="18px"
    onChange={undefined}
    viewBox="0 0 18 18"
    width="18px"
  >
    <polyline
      className="ql-even ql-stroke"
      points="5 7 3 9 5 11"
    />
    <polyline
      className="ql-even ql-stroke"
      points="13 7 15 9 13 11"
    />
    <line
      className="ql-stroke"
      x1="10"
      x2="8"
      y1="5"
      y2="13"
    />
  </svg>
</span>
`;
