// Jest Snapshot v1, https://goo.gl/fbAQLP

exports[`create a Link icon 1`] = `
<div
  style={
    Object {
      "display": "inline-block",
    }
  }
>
  <span
    data-active={false}
    onClick={[Function]}
    onMouseDown={[Function]}
  >
    <svg
      className={undefined}
      height="18px"
      onChange={undefined}
      viewBox="0 0 18 18"
      width="18px"
    >
      <line
        className="ql-stroke"
        x1="7"
        x2="11"
        y1="7"
        y2="11"
      />
      <path
        className="ql-even ql-stroke"
        d="M8.9,4.577a3.476,3.476,0,0,1,.36,4.679A3.476,3.476,0,0,1,4.577,8.9C3.185,7.5,2.035,6.4,4.217,4.217S7.5,3.185,8.9,4.577Z"
      />
      <path
        className="ql-even ql-stroke"
        d="M13.423,9.1a3.476,3.476,0,0,0-4.679-.36,3.476,3.476,0,0,0,.36,4.679c1.392,1.392,2.5,2.542,4.679.36S14.815,10.5,13.423,9.1Z"
      />
    </svg>
  </span>
</div>
`;
